\BOOKMARK [0][-]{chapter.1}{\376\377\000C\000o\000n\000c\000e\000p\000t\000o\000s\000\040\000b\000\341\000s\000i\000c\000o\000s\000\040\000d\000e\000\040\000i\000n\000g\000e\000n\000i\000e\000r\000\355\000a\000\040\000m\000e\000c\000\341\000n\000i\000c\000a}{}% 1
\BOOKMARK [1][-]{section.1.1}{\376\377\000E\000s\000f\000u\000e\000r\000z\000o\000\040\000y\000\040\000d\000e\000f\000o\000r\000m\000a\000c\000i\000\363\000n}{chapter.1}% 2
\BOOKMARK [2][-]{subsection.1.1.1}{\376\377\000E\000s\000f\000u\000e\000r\000z\000o}{section.1.1}% 3
\BOOKMARK [2][-]{subsection.1.1.2}{\376\377\000D\000e\000f\000o\000r\000m\000a\000c\000i\000\363\000n}{section.1.1}% 4
\BOOKMARK [2][-]{subsection.1.1.3}{\376\377\000E\000n\000s\000a\000y\000o\000\040\000d\000e\000\040\000t\000r\000a\000c\000c\000i\000\363\000n}{section.1.1}% 5
\BOOKMARK [1][-]{section.1.2}{\376\377\000F\000a\000l\000l\000a\000\040\000d\000e\000\040\000c\000o\000m\000p\000o\000n\000e\000n\000t\000e\000s}{chapter.1}% 6
\BOOKMARK [1][-]{section.1.3}{\376\377\000D\000u\000r\000e\000z\000a}{chapter.1}% 7
\BOOKMARK [1][-]{section.1.4}{\376\377\000T\000r\000a\000n\000s\000f\000e\000r\000e\000n\000c\000i\000a\000\040\000d\000e\000\040\000c\000a\000l\000o\000r}{chapter.1}% 8
\BOOKMARK [1][-]{section.1.5}{\376\377\000M\000a\000t\000e\000r\000i\000a\000l\000e\000s\000\040\000d\000e\000\040\000i\000n\000g\000e\000n\000i\000e\000r\000\355\000a}{chapter.1}% 9
\BOOKMARK [2][-]{subsection.1.5.1}{\376\377\000C\000l\000a\000s\000i\000f\000i\000c\000a\000c\000i\000\363\000n}{section.1.5}% 10
\BOOKMARK [2][-]{subsection.1.5.2}{\376\377\000M\000a\000t\000e\000r\000i\000a\000l\000e\000s\000\040\000y\000\040\000v\000a\000l\000o\000r\000e\000s\000\040\000t\000\355\000p\000i\000c\000o\000s}{section.1.5}% 11
\BOOKMARK [2][-]{subsection.1.5.3}{\376\377\000P\000o\000l\000\355\000m\000e\000r\000o\000s}{section.1.5}% 12
\BOOKMARK [0][-]{chapter.2}{\376\377\000M\000\341\000q\000u\000i\000n\000a\000s\000\040\000C\000N\000C}{}% 13
\BOOKMARK [1][-]{section.2.1}{\376\377\000F\000l\000u\000j\000o\000\040\000d\000e\000l\000\040\000p\000r\000o\000c\000e\000s\000o\000\040\000d\000e\000\040\000f\000a\000b\000r\000i\000c\000a\000c\000i\000\363\000n\000\040\000d\000i\000g\000i\000t\000a\000l}{chapter.2}% 14
\BOOKMARK [1][-]{section.2.2}{\376\377\000S\000i\000s\000t\000e\000m\000a}{chapter.2}% 15
\BOOKMARK [1][-]{section.2.3}{\376\377\000M\000o\000t\000o\000r\000e\000s\000\040\000s\000t\000e\000p\000p\000e\000r}{chapter.2}% 16
\BOOKMARK [1][-]{section.2.4}{\376\377\000P\000a\000r\000\341\000m\000e\000t\000r\000o\000s}{chapter.2}% 17
\BOOKMARK [1][-]{section.2.5}{\376\377\000T\000o\000o\000l\000p\000a\000t\000h}{chapter.2}% 18
\BOOKMARK [1][-]{section.2.6}{\376\377\000C\000\363\000d\000i\000g\000o\000\040\000G}{chapter.2}% 19
\BOOKMARK [1][-]{section.2.7}{\376\377\000C\000a\000p\000a\000c\000i\000d\000a\000d\000e\000s\000\040\000y\000\040\000c\000a\000l\000i\000d\000a\000d}{chapter.2}% 20
\BOOKMARK [1][-]{section.2.8}{\376\377\000P\000r\000o\000t\000o\000t\000i\000p\000a\000d\000o\000\040\000r\000\341\000p\000i\000d\000o}{chapter.2}% 21
\BOOKMARK [0][-]{chapter.3}{\376\377\000T\000e\000c\000n\000o\000l\000o\000g\000\355\000a\000s\000\040\000d\000e\000\040\000m\000a\000n\000u\000f\000a\000c\000t\000u\000r\000a\000\040\000a\000d\000i\000t\000i\000v\000a}{}% 22
\BOOKMARK [1][-]{section.3.1}{\376\377\000I\000n\000t\000r\000o\000d\000u\000c\000c\000i\000\363\000n}{chapter.3}% 23
\BOOKMARK [2][-]{subsection.3.1.1}{\376\377\000T\000i\000p\000o\000s\000\040\000d\000e\000\040\000t\000e\000c\000n\000o\000l\000o\000g\000\355\000a\000s}{section.3.1}% 24
\BOOKMARK [2][-]{subsection.3.1.2}{\376\377\000S\000l\000i\000c\000e\000r}{section.3.1}% 25
\BOOKMARK [1][-]{section.3.2}{\376\377\000M\000o\000d\000e\000l\000a\000d\000o\000\040\000p\000o\000r\000\040\000d\000e\000p\000o\000s\000i\000c\000i\000\363\000n\000\040\000f\000u\000n\000d\000i\000d\000a}{chapter.3}% 26
\BOOKMARK [2][-]{subsection.3.2.1}{\376\377\000I\000n\000t\000r\000o\000d\000u\000c\000c\000i\000\363\000n}{section.3.2}% 27
\BOOKMARK [2][-]{subsection.3.2.2}{\376\377\000M\000o\000r\000f\000o\000l\000o\000g\000\355\000a\000\040\000d\000e\000\040\000u\000n\000a\000\040\000i\000m\000p\000r\000e\000s\000i\000\363\000n\000\040\000F\000D\000M}{section.3.2}% 28
\BOOKMARK [2][-]{subsection.3.2.3}{\376\377\000C\000o\000m\000p\000o\000r\000t\000a\000m\000i\000e\000n\000t\000o\000\040\000m\000e\000c\000\341\000n\000i\000c\000o\000\040\000d\000e\000\040\000p\000i\000e\000z\000a\000s\000\040\000F\000D\000M}{section.3.2}% 29
\BOOKMARK [2][-]{subsection.3.2.4}{\376\377\000P\000a\000r\000\341\000m\000e\000t\000r\000o\000s\000\040\000o\000p\000e\000r\000a\000t\000i\000v\000o\000s}{section.3.2}% 30
\BOOKMARK [2][-]{subsection.3.2.5}{\376\377\000P\000r\000o\000c\000e\000s\000a\000m\000i\000e\000n\000t\000o\000\040\000e\000n\000\040\000C\000A\000M}{section.3.2}% 31
\BOOKMARK [2][-]{subsection.3.2.6}{\376\377\000I\000m\000p\000r\000e\000c\000i\000s\000i\000o\000n\000e\000s\000\040\000y\000\040\000d\000e\000f\000e\000c\000t\000o\000s\000\040\000e\000n\000\040\000F\000D\000M}{section.3.2}% 32
\BOOKMARK [2][-]{subsection.3.2.7}{\376\377\000O\000t\000r\000a\000s\000\040\000t\000e\000c\000n\000o\000l\000o\000g\000\355\000a\000s\000\040\000d\000e\000\040\000d\000e\000p\000o\000s\000i\000c\000i\000\363\000n}{section.3.2}% 33
\BOOKMARK [1][-]{section.3.3}{\376\377\000I\000m\000p\000r\000e\000s\000i\000\363\000n\000\040\0003\000D\000\040\000p\000o\000r\000\040\000f\000o\000t\000o\000p\000o\000l\000i\000m\000e\000r\000i\000z\000a\000c\000i\000\363\000n}{chapter.3}% 34
\BOOKMARK [2][-]{subsection.3.3.1}{\376\377\000F\000o\000t\000o\000p\000o\000l\000i\000m\000e\000r\000i\000z\000a\000c\000i\000\363\000n}{section.3.3}% 35
\BOOKMARK [2][-]{subsection.3.3.2}{\376\377\000E\000s\000t\000e\000r\000e\000o\000l\000i\000t\000o\000g\000r\000a\000f\000\355\000a}{section.3.3}% 36
\BOOKMARK [2][-]{subsection.3.3.3}{\376\377\000S\000o\000p\000o\000r\000t\000e\000s\000\040\000y\000\040\000o\000r\000i\000e\000n\000t\000a\000c\000i\000\363\000n}{section.3.3}% 37
\BOOKMARK [2][-]{subsection.3.3.4}{\376\377\000P\000r\000o\000c\000e\000s\000a\000m\000i\000e\000n\000t\000o\000\040\000e\000n\000\040\000C\000A\000M}{section.3.3}% 38
\BOOKMARK [2][-]{subsection.3.3.5}{\376\377\000F\000l\000u\000j\000o\000\040\000d\000e\000l\000\040\000p\000r\000o\000c\000e\000s\000o}{section.3.3}% 39
\BOOKMARK [2][-]{subsection.3.3.6}{\376\377\000R\000e\000s\000i\000n\000a\000s\000\040\000p\000a\000r\000a\000\040\0003\000D\000P}{section.3.3}% 40
\BOOKMARK [2][-]{subsection.3.3.7}{\376\377\000C\000o\000m\000p\000o\000r\000t\000a\000m\000i\000e\000n\000t\000o\000\040\000m\000e\000c\000\341\000n\000i\000c\000o}{section.3.3}% 41
\BOOKMARK [2][-]{subsection.3.3.8}{\376\377\000C\000a\000s\000o\000s\000\040\000d\000e\000\040\000u\000s\000o}{section.3.3}% 42
\BOOKMARK [1][-]{section.3.4}{\376\377\000O\000t\000r\000o\000s\000\040\000p\000r\000o\000c\000e\000s\000o\000s\000\040\000d\000e\000\040\000f\000a\000b\000r\000i\000c\000a\000c\000i\000\363\000n\000\040\000a\000d\000i\000t\000i\000v\000a}{chapter.3}% 43
\BOOKMARK [2][-]{subsection.3.4.1}{\376\377\000S\000i\000n\000t\000e\000r\000i\000z\000a\000d\000o\000\040\000l\000\341\000s\000e\000r}{section.3.4}% 44
\BOOKMARK [2][-]{subsection.3.4.2}{\376\377\000J\000e\000t\000\040\000d\000e\000\040\000a\000g\000l\000o\000m\000e\000r\000a\000n\000t\000e}{section.3.4}% 45
\BOOKMARK [2][-]{subsection.3.4.3}{\376\377\000J\000e\000t\000\040\000d\000e\000\040\000m\000a\000t\000e\000r\000i\000a\000l}{section.3.4}% 46
\BOOKMARK [1][-]{section.3.5}{\376\377\000D\000i\000s\000e\000\361\000o\000\040\000f\000u\000n\000c\000i\000o\000n\000a\000l\000\040\000p\000a\000r\000a\000\040\000i\000m\000p\000r\000e\000s\000i\000\363\000n\000\040\0003\000D}{chapter.3}% 47
\BOOKMARK [0][-]{chapter.4}{\376\377\000C\000o\000r\000t\000e\000\040\000C\000N\000C}{}% 48
\BOOKMARK [1][-]{section.4.1}{\376\377\000I\000n\000t\000r\000o\000d\000u\000c\000c\000i\000\363\000n}{chapter.4}% 49
\BOOKMARK [1][-]{section.4.2}{\376\377\000F\000a\000b\000r\000i\000c\000a\000c\000i\000\363\000n\000\040\000p\000o\000r\000\040\000c\000o\000r\000t\000e\000\040\000d\000e\000\040\000v\000i\000r\000u\000t\000a}{chapter.4}% 50
\BOOKMARK [1][-]{section.4.3}{\376\377\000S\000u\000b\000s\000i\000s\000t\000e\000m\000a\000s\000,\000\040\000h\000e\000r\000r\000a\000m\000i\000e\000n\000t\000a\000s\000\040\000y\000\040\000a\000c\000c\000e\000s\000o\000r\000i\000o\000s}{chapter.4}% 51
\BOOKMARK [2][-]{subsection.4.3.1}{\376\377\000S\000u\000b\000s\000i\000s\000t\000e\000m\000a\000s}{section.4.3}% 52
\BOOKMARK [2][-]{subsection.4.3.2}{\376\377\000H\000e\000r\000r\000a\000m\000i\000e\000n\000t\000a\000s\000\040\000d\000e\000\040\000c\000o\000r\000t\000e\000\040\000e\000n\000\040\000f\000r\000e\000s\000a\000d\000o}{section.4.3}% 53
\BOOKMARK [2][-]{subsection.4.3.3}{\376\377\000A\000c\000c\000e\000s\000o\000r\000i\000o\000s}{section.4.3}% 54
\BOOKMARK [1][-]{section.4.4}{\376\377\000P\000a\000r\000\341\000m\000e\000t\000r\000o\000s\000\040\000d\000e\000l\000\040\000p\000r\000o\000c\000e\000s\000o}{chapter.4}% 55
\BOOKMARK [1][-]{section.4.5}{\376\377\000M\000a\000t\000e\000r\000i\000a\000l\000e\000s\000\040\000y\000\040\000c\000o\000m\000p\000o\000r\000t\000a\000m\000i\000e\000n\000t\000o\000\040\000f\000r\000e\000n\000t\000e\000\040\000a\000l\000\040\000f\000r\000e\000s\000a\000d\000o}{chapter.4}% 56
\BOOKMARK [2][-]{subsection.4.5.1}{\376\377\000M\000a\000q\000u\000i\000n\000a\000b\000i\000l\000i\000d\000a\000d}{section.4.5}% 57
\BOOKMARK [2][-]{subsection.4.5.2}{\376\377\000M\000a\000t\000e\000r\000i\000a\000l\000e\000s\000\040\000c\000o\000m\000u\000n\000e\000s\000\040\000y\000\040\000s\000u\000\040\000r\000e\000s\000p\000u\000e\000s\000t\000a\000\040\000a\000l\000\040\000f\000r\000e\000s\000a\000d\000o}{section.4.5}% 58
\BOOKMARK [2][-]{subsection.4.5.3}{\376\377\000R\000e\000c\000o\000m\000e\000n\000d\000a\000c\000i\000o\000n\000e\000s\000\040\000s\000e\000g\000\372\000n\000\040\000m\000a\000t\000e\000r\000i\000a\000l}{section.4.5}% 59
\BOOKMARK [2][-]{subsection.4.5.4}{\376\377\000M\000e\000d\000i\000c\000i\000\363\000n\000\040\000d\000e\000\040\000c\000a\000l\000i\000d\000a\000d}{section.4.5}% 60
\BOOKMARK [1][-]{section.4.6}{\376\377\000O\000p\000e\000r\000a\000c\000i\000o\000n\000e\000s\000\040\000c\000o\000m\000u\000n\000e\000s}{chapter.4}% 61
\BOOKMARK [2][-]{subsection.4.6.1}{\376\377\000E\000t\000a\000p\000a\000s\000\040\000d\000e\000\040\000m\000e\000c\000a\000n\000i\000z\000a\000d\000o}{section.4.6}% 62
\BOOKMARK [2][-]{subsection.4.6.2}{\376\377\000O\000p\000e\000r\000a\000c\000i\000o\000n\000e\000s\000\040\0002\000D}{section.4.6}% 63
\BOOKMARK [2][-]{subsection.4.6.3}{\376\377\000O\000p\000e\000r\000a\000c\000i\000o\000n\000e\000s\000\040\0003\000D}{section.4.6}% 64
\BOOKMARK [0][-]{chapter.5}{\376\377\000P\000r\000o\000c\000e\000s\000o\000s\000\040\000l\000\341\000s\000e\000r}{}% 65
\BOOKMARK [1][-]{section.5.1}{\376\377\000C\000o\000n\000c\000e\000p\000t\000o\000s\000\040\000b\000\341\000s\000i\000c\000o\000s}{chapter.5}% 66
\BOOKMARK [1][-]{section.5.2}{\376\377\000M\000e\000c\000a\000n\000i\000s\000m\000o\000s\000\040\000d\000e\000\040\000i\000n\000t\000e\000r\000a\000c\000c\000i\000\363\000n}{chapter.5}% 67
\BOOKMARK [1][-]{section.5.3}{\376\377\000L\000\341\000s\000e\000r\000s\000\040\000i\000n\000d\000u\000s\000t\000r\000i\000a\000l\000e\000s}{chapter.5}% 68
\BOOKMARK [1][-]{section.5.4}{\376\377\000C\000o\000r\000t\000e\000\040\000l\000\341\000s\000e\000r}{chapter.5}% 69
\BOOKMARK [0][-]{chapter.6}{\376\377\000P\000r\000o\000c\000e\000s\000o\000s\000\040\000n\000o\000\040\000c\000o\000n\000v\000e\000n\000c\000i\000o\000n\000a\000l\000e\000s}{}% 70
\BOOKMARK [1][-]{section.6.1}{\376\377\000E\000D\000M}{chapter.6}% 71
\BOOKMARK [1][-]{section.6.2}{\376\377\000W\000a\000t\000e\000r\000j\000e\000t}{chapter.6}% 72
\BOOKMARK [1][-]{section.6.3}{\376\377\000C\000o\000r\000t\000e\000\040\000p\000o\000r\000\040\000p\000l\000a\000s\000m\000a}{chapter.6}% 73
